I'm sorry, but errors were detected in your script. Please correct the
errors listed below, and try again.


File "game/script.rpy", line 227: expected statement.
    THE END
           ^

Ren'Py Version: Ren'Py 7.3.5.606
Wed Apr  1 22:41:38 2020
